Component: ARM Compiler 5.06 update 4 (build 422) Tool: armlink [4d35d2]

==============================================================================

Section Cross References

    run.o(MyCode) refers to start.o(Start) for Startup
    run.o(RESET) refers to start.o(.ARM.__at_0x1FFFE000) for __initial_sp
    run.o(RESET) refers to run.o(MyCode) for Reset_Handler
    run.o(RESET) refers to start.o(Start) for Dummy_Handler


==============================================================================

Removing Unused input sections from the image.

    Removing run.o(MyConst), (0 bytes).
    Removing run.o(MyData), (0 bytes).

2 unused section(s) (total 0 bytes) removed from the image.

==============================================================================

Image Symbol Table

    Local Symbols

    Symbol Name                              Value     Ov Type        Size  Object(Section)

    RESET                                    0x00000000   Section      192  run.o(RESET)
    Start.s                                  0x00000000   Number         0  start.o ABSOLUTE
    run.s                                    0x00000000   Number         0  run.o ABSOLUTE
    .ARM.__at_0xC0                           0x000000c0   Section       64  start.o(.ARM.__at_0xC0)
    MyCode                                   0x00000100   Section        8  run.o(MyCode)
    Start                                    0x00000108   Section      260  start.o(Start)
    .ARM.__at_0x400                          0x00000400   Section       16  start.o(.ARM.__at_0x400)
    .ARM.__at_0x1FFFE000                     0x1fffe000   Section      512  start.o(.ARM.__at_0x1FFFE000)

    Global Symbols

    Symbol Name                              Value     Ov Type        Size  Object(Section)

    BuildAttributes$$THM_ISAv3M$S$PE$A:L22$X:L11$S22$IEEE1$IW$USESV6$~STKCKD$USESV7$~SHL$OSPACE$EBA8$STANDARDLIB$EABIv2 0x00000000   Number         0  anon$$obj.o ABSOLUTE
    __Vectors                                0x00000000   Data           0  run.o(RESET)
    __Vectors_End                            0x000000c0   Data           0  run.o(RESET)
    __Vectors_Size                           0x000000c0   Number         0  run.o ABSOLUTE
    Reset_Handler                            0x00000101   Thumb Code     0  run.o(MyCode)
    Startup                                  0x00000109   Thumb Code     0  start.o(Start)
    Dummy_Handler                            0x000001e9   Thumb Code     0  start.o(Start)
    __initial_sp                             0x1fffe200   Data           0  start.o(.ARM.__at_0x1FFFE000)



==============================================================================

Memory Map of the image

  Image Entry point : 0x00000101

  Load Region LR_1 (Base: 0x00000000, Size: 0x00000610, Max: 0xffffffff, ABSOLUTE)

    Execution Region ER_RO (Base: 0x00000000, Size: 0x00000410, Max: 0xffffffff, ABSOLUTE)

    Base Addr    Size         Type   Attr      Idx    E Section Name        Object

    0x00000000   0x000000c0   Data   RO           12    RESET               run.o
    0x000000c0   0x00000040   Data   RO            2    .ARM.__at_0xC0      start.o
    0x00000100   0x00000008   Code   RO           11  * MyCode              run.o
    0x00000108   0x00000104   Code   RO            1    Start               start.o
    0x0000020c   0x000001f4   PAD
    0x00000400   0x00000010   Code   RO            3    .ARM.__at_0x400     start.o


    Execution Region ER_RW (Base: 0x1fffe000, Size: 0x00000200, Max: 0xffffffff, ABSOLUTE)

    Base Addr    Size         Type   Attr      Idx    E Section Name        Object

    0x1fffe000   0x00000200   Data   RW            4    .ARM.__at_0x1FFFE000  start.o


    Execution Region ER_ZI (Base: 0x1fffe200, Size: 0x00000000, Max: 0xffffffff, ABSOLUTE)

    **** No section assigned to this execution region ****


==============================================================================

Image component sizes


      Code (inc. data)   RO Data    RW Data    ZI Data      Debug   Object Name

         8          0        192          0          0        228   run.o
       276         50         64        512          0        580   start.o

    ----------------------------------------------------------------------
       784        550        256        512          0        808   Object Totals
         0          0          0          0          0          0   (incl. Generated)
       500        500          0          0          0          0   (incl. Padding)

    ----------------------------------------------------------------------
         0          0          0          0          0          0   Library Totals
         0          0          0          0          0          0   (incl. Padding)

    ----------------------------------------------------------------------

==============================================================================


      Code (inc. data)   RO Data    RW Data    ZI Data      Debug   

       784        550        256        512          0        808   Grand Totals
       784        550        256        512          0        808   ELF Image Totals
       784        550        256        512          0          0   ROM Totals

==============================================================================

    Total RO  Size (Code + RO Data)                 1040 (   1.02kB)
    Total RW  Size (RW Data + ZI Data)               512 (   0.50kB)
    Total ROM Size (Code + RO Data + RW Data)       1552 (   1.52kB)

==============================================================================

